exports[`AuthPage should match this component 1`] = `
Array [
  <div
    className="info">
    <p>
         Nasabah 
    </p>
    <h3>
         
        
         
    </h3>
    <p>
         Nomor Rekening 
    </p>
    <h3>
         
        
         
    </h3>
    <p>
         Bank 
    </p>
    <h3>
         
        
         
    </h3>
    <p>
         Saldo Terakhir 
    </p>
    <h3>
         
        
         
    </h3>
</div>,
]
`;

exports[`InfoComponent should match this component 1`] = `
Array [
  <div
    className="info">
    <p>
         Nasabah 
    </p>
    <h3>
         
        
         
    </h3>
    <p>
         Nomor Rekening 
    </p>
    <h3>
         
        
         
    </h3>
    <p>
         Bank 
    </p>
    <h3>
         
        
         
    </h3>
    <p>
         Saldo Terakhir 
    </p>
    <h3>
         
        
         
    </h3>
</div>,
]
`;
