exports[`SingleHistoryComponent should render my component 1`] = `
Array [
  <div
    className="card">
    <div
        className="card-content">
        <p
            className="type">
             
            Debit
             
        </p>
        <p
            className="amount">
             Rp
            40000
             
        </p>
        <p
            className="account-number">
             No Rek: 
            13517115
             
        </p>
        <p
            className="time-date">
             
            2019.11.12 07:08:09
             
        </p>
    </div>
</div>,
]
`;
